// Jest Snapshot v1, https://goo.gl/fbAQLP

exports[`renders the UI as expected 1`] = `
<div
  className="FilterOptions"
>
  <div
    className="FilterOptions__option"
  >
    <label
      aria-label="meal type"
      htmlFor="filter_recipeType"
    >
      Meal Type:
      <br />
      <select
        className="dropDown"
        onChange={[Function]}
      >
        <option
          value="all"
        />
        <option
          aria-label="Breakfast"
          value="Breakfast"
        >
          Breakfast
        </option>
        <option
          aria-label="Lunch"
          value="Lunch"
        >
          Lunch
        </option>
        <option
          aria-label="Dinner"
          value="Dinner"
        >
          Dinner
        </option>
        <option
          aria-label="Dessert"
          value="Dessert"
        >
          Dessert
        </option>
        <option
          aria-label="Snack"
          value="Snack"
        >
          Snack
        </option>
        <option
          aria-label="Breads and Crackers"
          value="Breads and Crackers"
        >
          Breads and Crackers
        </option>
        <option
          aria-label="Side Dish"
          value="Side Dish"
        >
          Side Dish
        </option>
        <option
          aria-label="Fat Bombs"
          value="fat-bombs"
        >
          Fat Bombs
        </option>
      </select>
    </label>
  </div>
  <div
    className="FilterOptions__option"
  >
    <label
      aria-label="cuisine type"
      htmlFor="filter_cuisine_type"
    >
      Cuisine Type:
      <br />
      <select
        className="dropDown"
        onChange={[Function]}
      >
        <option
          value="all"
        />
        <option
          aria-label="Univeral"
          value="Universal"
        >
          Universal
        </option>
        <option
          aria-label="American"
          value="American"
        >
          American
        </option>
        <option
          aria-label="Chinese"
          value="Chinese"
        >
          Chinese
        </option>
        <option
          aria-label="French"
          value="French"
        >
          French
        </option>
        <option
          aria-label="German"
          value="German"
        >
          German
        </option>
        <option
          aria-label="Greek"
          value="Greek"
        >
          Greek
        </option>
        <option
          aria-label="Indian"
          value="Indian"
        >
          Indian
        </option>
        <option
          aria-label="Irish"
          value="Irish"
        >
          Irish
        </option>
        <option
          aria-label="Italian"
          value="Italian"
        >
          Italian
        </option>
        <option
          aria-label="Japanese"
          value="Japanese"
        >
          Japanese
        </option>
        <option
          aria-label="Korean"
          value="Korean"
        >
          Korean
        </option>
        <option
          aria-label="Mexican"
          value="Mexican"
        >
          Mexican
        </option>
        <option
          aria-label="Middle Eastern"
          value="Middle Eastern"
        >
          Middle Eastern
        </option>
        <option
          aria-label="Russian"
          value="Russian"
        >
          Russian
        </option>
        <option
          aria-label="Spanish"
          value="Spanish"
        >
          Spanish
        </option>
        <option
          aria-label="Thai"
          value="Thai"
        >
          Thai
        </option>
        <option
          aria-label="Vietnamese"
          value="Vietnamese"
        >
          Vietnamese
        </option>
      </select>
    </label>
  </div>
</div>
`;
